Java HotSpot(TM) 64-Bit Server VM (25.181-b13) for windows-amd64 JRE (1.8.0_181-b13), built on Jul  7 2018 04:01:33 by "java_re" with MS VC++ 10.0 (VS2010)
Memory: 4k page, physical 16662480k(4250836k free), swap 29769680k(6440528k free)
CommandLine flags: -XX:InitialHeapSize=536870912 -XX:MaxHeapSize=536870912 -XX:+PrintGC -XX:+PrintGCApplicationStoppedTime -XX:+PrintGCDateStamps -XX:+PrintGCDetails -XX:+PrintGCTimeStamps -XX:+PrintReferenceGC -XX:+UseCompressedClassPointers -XX:+UseCompressedOops -XX:-UseLargePagesIndividualAllocation -XX:+UseParallelGC 
2022-06-08T11:43:16.644+0800: 0.537: [GC (Allocation Failure) 2022-06-08T11:43:16.655+0800: 0.548: [SoftReference, 0 refs, 0.0000318 secs]2022-06-08T11:43:16.655+0800: 0.548: [WeakReference, 21 refs, 0.0000108 secs]2022-06-08T11:43:16.655+0800: 0.548: [FinalReference, 604 refs, 0.0002609 secs]2022-06-08T11:43:16.655+0800: 0.549: [PhantomReference, 0 refs, 0 refs, 0.0000074 secs]2022-06-08T11:43:16.655+0800: 0.549: [JNI Weak Reference, 0.0000085 secs][PSYoungGen: 131584K->21493K(153088K)] 131584K->34900K(502784K), 0.0115605 secs] [Times: user=0.00 sys=0.05, real=0.01 secs] 
2022-06-08T11:43:16.655+0800: 0.549: Total time for which application threads were stopped: 0.0117060 seconds, Stopping threads took: 0.0000217 seconds
2022-06-08T11:43:16.678+0800: 0.572: [GC (Allocation Failure) 2022-06-08T11:43:16.692+0800: 0.585: [SoftReference, 0 refs, 0.0000360 secs]2022-06-08T11:43:16.692+0800: 0.585: [WeakReference, 10 refs, 0.0000088 secs]2022-06-08T11:43:16.692+0800: 0.585: [FinalReference, 304 refs, 0.0000232 secs]2022-06-08T11:43:16.692+0800: 0.585: [PhantomReference, 0 refs, 0 refs, 0.0000067 secs]2022-06-08T11:43:16.692+0800: 0.586: [JNI Weak Reference, 0.0000063 secs][PSYoungGen: 153077K->21491K(153088K)] 166484K->78159K(502784K), 0.0138504 secs] [Times: user=0.00 sys=0.06, real=0.01 secs] 
2022-06-08T11:43:16.692+0800: 0.586: Total time for which application threads were stopped: 0.0140030 seconds, Stopping threads took: 0.0000385 seconds
2022-06-08T11:43:16.712+0800: 0.606: [GC (Allocation Failure) 2022-06-08T11:43:16.724+0800: 0.617: [SoftReference, 0 refs, 0.0000360 secs]2022-06-08T11:43:16.724+0800: 0.617: [WeakReference, 10 refs, 0.0000084 secs]2022-06-08T11:43:16.724+0800: 0.617: [FinalReference, 304 refs, 0.0000236 secs]2022-06-08T11:43:16.724+0800: 0.617: [PhantomReference, 0 refs, 0 refs, 0.0000067 secs]2022-06-08T11:43:16.724+0800: 0.617: [JNI Weak Reference, 0.0000064 secs][PSYoungGen: 153032K->21501K(153088K)] 209701K->115837K(502784K), 0.0118342 secs] [Times: user=0.06 sys=0.00, real=0.01 secs] 
2022-06-08T11:43:16.724+0800: 0.618: Total time for which application threads were stopped: 0.0119489 seconds, Stopping threads took: 0.0000261 seconds
2022-06-08T11:43:16.743+0800: 0.637: [GC (Allocation Failure) 2022-06-08T11:43:16.758+0800: 0.652: [SoftReference, 0 refs, 0.0000525 secs]2022-06-08T11:43:16.759+0800: 0.652: [WeakReference, 10 refs, 0.0000087 secs]2022-06-08T11:43:16.759+0800: 0.652: [FinalReference, 304 refs, 0.0000202 secs]2022-06-08T11:43:16.759+0800: 0.652: [PhantomReference, 0 refs, 0 refs, 0.0000067 secs]2022-06-08T11:43:16.759+0800: 0.652: [JNI Weak Reference, 0.0000061 secs][PSYoungGen: 152615K->21486K(153088K)] 246951K->161850K(502784K), 0.0153550 secs] [Times: user=0.06 sys=0.00, real=0.02 secs] 
2022-06-08T11:43:16.759+0800: 0.652: Total time for which application threads were stopped: 0.0154752 seconds, Stopping threads took: 0.0000297 seconds
2022-06-08T11:43:16.779+0800: 0.673: [GC (Allocation Failure) 2022-06-08T11:43:16.795+0800: 0.689: [SoftReference, 0 refs, 0.0000350 secs]2022-06-08T11:43:16.795+0800: 0.689: [WeakReference, 10 refs, 0.0000091 secs]2022-06-08T11:43:16.795+0800: 0.689: [FinalReference, 304 refs, 0.0000221 secs]2022-06-08T11:43:16.795+0800: 0.689: [PhantomReference, 0 refs, 0 refs, 0.0000068 secs]2022-06-08T11:43:16.795+0800: 0.689: [JNI Weak Reference, 0.0000065 secs][PSYoungGen: 153070K->21499K(153088K)] 293434K->207188K(502784K), 0.0163733 secs] [Times: user=0.01 sys=0.03, real=0.02 secs] 
2022-06-08T11:43:16.796+0800: 0.689: Total time for which application threads were stopped: 0.0166120 seconds, Stopping threads took: 0.0000245 seconds
2022-06-08T11:43:16.819+0800: 0.712: [GC (Allocation Failure) 2022-06-08T11:43:16.837+0800: 0.730: [SoftReference, 0 refs, 0.0000380 secs]2022-06-08T11:43:16.837+0800: 0.730: [WeakReference, 10 refs, 0.0000086 secs]2022-06-08T11:43:16.837+0800: 0.730: [FinalReference, 304 refs, 0.0000258 secs]2022-06-08T11:43:16.837+0800: 0.730: [PhantomReference, 0 refs, 0 refs, 0.0000061 secs]2022-06-08T11:43:16.837+0800: 0.730: [JNI Weak Reference, 0.0000058 secs][PSYoungGen: 153083K->21496K(80384K)] 338772K->252529K(430080K), 0.0182861 secs] [Times: user=0.03 sys=0.02, real=0.02 secs] 
2022-06-08T11:43:16.837+0800: 0.730: Total time for which application threads were stopped: 0.0184159 seconds, Stopping threads took: 0.0000398 seconds
2022-06-08T11:43:16.846+0800: 0.739: [GC (Allocation Failure) 2022-06-08T11:43:16.854+0800: 0.748: [SoftReference, 0 refs, 0.0000414 secs]2022-06-08T11:43:16.854+0800: 0.748: [WeakReference, 0 refs, 0.0000060 secs]2022-06-08T11:43:16.854+0800: 0.748: [FinalReference, 0 refs, 0.0000055 secs]2022-06-08T11:43:16.854+0800: 0.748: [PhantomReference, 0 refs, 0 refs, 0.0000057 secs]2022-06-08T11:43:16.854+0800: 0.748: [JNI Weak Reference, 0.0000058 secs][PSYoungGen: 80280K->35312K(116736K)] 311312K->270803K(466432K), 0.0082737 secs] [Times: user=0.00 sys=0.00, real=0.01 secs] 
2022-06-08T11:43:16.855+0800: 0.748: Total time for which application threads were stopped: 0.0083853 seconds, Stopping threads took: 0.0000246 seconds
2022-06-08T11:43:16.863+0800: 0.756: [GC (Allocation Failure) 2022-06-08T11:43:16.874+0800: 0.767: [SoftReference, 0 refs, 0.0000411 secs]2022-06-08T11:43:16.874+0800: 0.767: [WeakReference, 0 refs, 0.0000061 secs]2022-06-08T11:43:16.874+0800: 0.767: [FinalReference, 0 refs, 0.0000056 secs]2022-06-08T11:43:16.874+0800: 0.767: [PhantomReference, 0 refs, 0 refs, 0.0000057 secs]2022-06-08T11:43:16.874+0800: 0.767: [JNI Weak Reference, 0.0000057 secs][PSYoungGen: 94192K->47085K(116736K)] 329683K->290544K(466432K), 0.0108547 secs] [Times: user=0.05 sys=0.01, real=0.01 secs] 
2022-06-08T11:43:16.874+0800: 0.767: Total time for which application threads were stopped: 0.0110507 seconds, Stopping threads took: 0.0000324 seconds
2022-06-08T11:43:16.884+0800: 0.777: [GC (Allocation Failure) 2022-06-08T11:43:16.896+0800: 0.789: [SoftReference, 0 refs, 0.0000298 secs]2022-06-08T11:43:16.896+0800: 0.789: [WeakReference, 0 refs, 0.0000059 secs]2022-06-08T11:43:16.896+0800: 0.789: [FinalReference, 0 refs, 0.0000056 secs]2022-06-08T11:43:16.896+0800: 0.789: [PhantomReference, 0 refs, 0 refs, 0.0000058 secs]2022-06-08T11:43:16.896+0800: 0.789: [JNI Weak Reference, 0.0000061 secs][PSYoungGen: 105965K->55282K(116736K)] 349424K->305471K(466432K), 0.0123206 secs] [Times: user=0.05 sys=0.02, real=0.01 secs] 
2022-06-08T11:43:16.896+0800: 0.789: Total time for which application threads were stopped: 0.0124555 seconds, Stopping threads took: 0.0000467 seconds
2022-06-08T11:43:16.906+0800: 0.799: [GC (Allocation Failure) 2022-06-08T11:43:16.920+0800: 0.814: [SoftReference, 0 refs, 0.0000366 secs]2022-06-08T11:43:16.920+0800: 0.814: [WeakReference, 0 refs, 0.0000067 secs]2022-06-08T11:43:16.920+0800: 0.814: [FinalReference, 0 refs, 0.0000062 secs]2022-06-08T11:43:16.920+0800: 0.814: [PhantomReference, 0 refs, 0 refs, 0.0000064 secs]2022-06-08T11:43:16.920+0800: 0.814: [JNI Weak Reference, 0.0000066 secs][PSYoungGen: 114162K->36151K(116736K)] 364351K->323102K(466432K), 0.0151567 secs] [Times: user=0.05 sys=0.02, real=0.02 secs] 
2022-06-08T11:43:16.921+0800: 0.815: [Full GC (Ergonomics) 2022-06-08T11:43:16.923+0800: 0.817: [SoftReference, 0 refs, 0.0000186 secs]2022-06-08T11:43:16.923+0800: 0.817: [WeakReference, 4 refs, 0.0000071 secs]2022-06-08T11:43:16.923+0800: 0.817: [FinalReference, 204 refs, 0.0000122 secs]2022-06-08T11:43:16.923+0800: 0.817: [PhantomReference, 0 refs, 0 refs, 0.0000066 secs]2022-06-08T11:43:16.923+0800: 0.817: [JNI Weak Reference, 0.0000058 secs][PSYoungGen: 36151K->0K(116736K)] [ParOldGen: 286950K->233108K(349696K)] 323102K->233108K(466432K), [Metaspace: 3571K->3571K(1056768K)], 0.0519465 secs] [Times: user=0.16 sys=0.00, real=0.05 secs] 
2022-06-08T11:43:16.973+0800: 0.867: Total time for which application threads were stopped: 0.0673043 seconds, Stopping threads took: 0.0000308 seconds
2022-06-08T11:43:16.983+0800: 0.877: [GC (Allocation Failure) 2022-06-08T11:43:16.988+0800: 0.882: [SoftReference, 0 refs, 0.0000413 secs]2022-06-08T11:43:16.988+0800: 0.882: [WeakReference, 0 refs, 0.0000063 secs]2022-06-08T11:43:16.988+0800: 0.882: [FinalReference, 0 refs, 0.0000057 secs]2022-06-08T11:43:16.988+0800: 0.882: [PhantomReference, 0 refs, 0 refs, 0.0000057 secs]2022-06-08T11:43:16.988+0800: 0.882: [JNI Weak Reference, 0.0000060 secs][PSYoungGen: 58807K->21417K(116736K)] 291916K->254526K(466432K), 0.0047119 secs] [Times: user=0.00 sys=0.00, real=0.00 secs] 
2022-06-08T11:43:16.988+0800: 0.882: Total time for which application threads were stopped: 0.0048542 seconds, Stopping threads took: 0.0000351 seconds
2022-06-08T11:43:16.998+0800: 0.892: [GC (Allocation Failure) 2022-06-08T11:43:17.006+0800: 0.900: [SoftReference, 0 refs, 0.0000367 secs]2022-06-08T11:43:17.006+0800: 0.900: [WeakReference, 0 refs, 0.0000087 secs]2022-06-08T11:43:17.007+0800: 0.900: [FinalReference, 0 refs, 0.0000062 secs]2022-06-08T11:43:17.007+0800: 0.900: [PhantomReference, 0 refs, 0 refs, 0.0000062 secs]2022-06-08T11:43:17.007+0800: 0.900: [JNI Weak Reference, 0.0000062 secs][PSYoungGen: 80224K->15613K(116736K)] 313333K->268216K(466432K), 0.0084441 secs] [Times: user=0.00 sys=0.00, real=0.01 secs] 
2022-06-08T11:43:17.007+0800: 0.901: Total time for which application threads were stopped: 0.0086103 seconds, Stopping threads took: 0.0000552 seconds
2022-06-08T11:43:17.017+0800: 0.911: [GC (Allocation Failure) 2022-06-08T11:43:17.024+0800: 0.918: [SoftReference, 0 refs, 0.0000342 secs]2022-06-08T11:43:17.024+0800: 0.918: [WeakReference, 0 refs, 0.0000061 secs]2022-06-08T11:43:17.024+0800: 0.918: [FinalReference, 0 refs, 0.0000057 secs]2022-06-08T11:43:17.024+0800: 0.918: [PhantomReference, 0 refs, 0 refs, 0.0000058 secs]2022-06-08T11:43:17.024+0800: 0.918: [JNI Weak Reference, 0.0000057 secs][PSYoungGen: 74489K->18891K(116736K)] 327092K->285710K(466432K), 0.0069857 secs] [Times: user=0.00 sys=0.00, real=0.01 secs] 
2022-06-08T11:43:17.024+0800: 0.918: Total time for which application threads were stopped: 0.0071027 seconds, Stopping threads took: 0.0000306 seconds
2022-06-08T11:43:17.035+0800: 0.929: [GC (Allocation Failure) 2022-06-08T11:43:17.043+0800: 0.936: [SoftReference, 0 refs, 0.0000381 secs]2022-06-08T11:43:17.043+0800: 0.936: [WeakReference, 0 refs, 0.0000062 secs]2022-06-08T11:43:17.043+0800: 0.936: [FinalReference, 0 refs, 0.0000061 secs]2022-06-08T11:43:17.043+0800: 0.936: [PhantomReference, 0 refs, 0 refs, 0.0000062 secs]2022-06-08T11:43:17.043+0800: 0.936: [JNI Weak Reference, 0.0000064 secs][PSYoungGen: 77670K->19268K(116736K)] 344489K->303931K(466432K), 0.0077152 secs] [Times: user=0.00 sys=0.00, real=0.01 secs] 
2022-06-08T11:43:17.043+0800: 0.937: Total time for which application threads were stopped: 0.0078257 seconds, Stopping threads took: 0.0000239 seconds
2022-06-08T11:43:17.054+0800: 0.947: [GC (Allocation Failure) 2022-06-08T11:43:17.061+0800: 0.955: [SoftReference, 0 refs, 0.0000444 secs]2022-06-08T11:43:17.061+0800: 0.955: [WeakReference, 0 refs, 0.0000065 secs]2022-06-08T11:43:17.061+0800: 0.955: [FinalReference, 0 refs, 0.0000059 secs]2022-06-08T11:43:17.061+0800: 0.955: [PhantomReference, 0 refs, 0 refs, 0.0000063 secs]2022-06-08T11:43:17.061+0800: 0.955: [JNI Weak Reference, 0.0000067 secs][PSYoungGen: 78148K->15398K(116736K)] 362811K->318392K(466432K), 0.0074918 secs] [Times: user=0.05 sys=0.02, real=0.01 secs] 
2022-06-08T11:43:17.061+0800: 0.955: [Full GC (Ergonomics) 2022-06-08T11:43:17.062+0800: 0.956: [SoftReference, 0 refs, 0.0000208 secs]2022-06-08T11:43:17.062+0800: 0.956: [WeakReference, 4 refs, 0.0000067 secs]2022-06-08T11:43:17.062+0800: 0.956: [FinalReference, 213 refs, 0.0000139 secs]2022-06-08T11:43:17.062+0800: 0.956: [PhantomReference, 0 refs, 0 refs, 0.0000063 secs]2022-06-08T11:43:17.062+0800: 0.956: [JNI Weak Reference, 0.0000055 secs][PSYoungGen: 15398K->0K(116736K)] [ParOldGen: 302994K->258946K(349696K)] 318392K->258946K(466432K), [Metaspace: 3571K->3571K(1056768K)], 0.0539118 secs] [Times: user=0.13 sys=0.00, real=0.05 secs] 
2022-06-08T11:43:17.115+0800: 1.009: Total time for which application threads were stopped: 0.0616299 seconds, Stopping threads took: 0.0000330 seconds
2022-06-08T11:43:17.124+0800: 1.018: [GC (Allocation Failure) 2022-06-08T11:43:17.130+0800: 1.023: [SoftReference, 0 refs, 0.0000307 secs]2022-06-08T11:43:17.130+0800: 1.023: [WeakReference, 0 refs, 0.0000070 secs]2022-06-08T11:43:17.130+0800: 1.023: [FinalReference, 0 refs, 0.0000064 secs]2022-06-08T11:43:17.130+0800: 1.023: [PhantomReference, 0 refs, 0 refs, 0.0000066 secs]2022-06-08T11:43:17.130+0800: 1.023: [JNI Weak Reference, 0.0000065 secs][PSYoungGen: 58880K->19083K(116736K)] 317826K->278029K(466432K), 0.0056856 secs] [Times: user=0.00 sys=0.00, real=0.01 secs] 
2022-06-08T11:43:17.130+0800: 1.023: Total time for which application threads were stopped: 0.0058360 seconds, Stopping threads took: 0.0000478 seconds
2022-06-08T11:43:17.141+0800: 1.034: [GC (Allocation Failure) 2022-06-08T11:43:17.149+0800: 1.042: [SoftReference, 0 refs, 0.0000260 secs]2022-06-08T11:43:17.149+0800: 1.042: [WeakReference, 0 refs, 0.0000068 secs]2022-06-08T11:43:17.149+0800: 1.042: [FinalReference, 0 refs, 0.0000064 secs]2022-06-08T11:43:17.149+0800: 1.042: [PhantomReference, 0 refs, 0 refs, 0.0000067 secs]2022-06-08T11:43:17.149+0800: 1.042: [JNI Weak Reference, 0.0000065 secs][PSYoungGen: 77963K->19091K(116736K)] 336909K->295903K(466432K), 0.0079289 secs] [Times: user=0.00 sys=0.00, real=0.01 secs] 
2022-06-08T11:43:17.149+0800: 1.042: Total time for which application threads were stopped: 0.0080503 seconds, Stopping threads took: 0.0000287 seconds
2022-06-08T11:43:17.162+0800: 1.055: [GC (Allocation Failure) 2022-06-08T11:43:17.173+0800: 1.066: [SoftReference, 0 refs, 0.0000281 secs]2022-06-08T11:43:17.173+0800: 1.066: [WeakReference, 0 refs, 0.0000064 secs]2022-06-08T11:43:17.173+0800: 1.066: [FinalReference, 0 refs, 0.0000062 secs]2022-06-08T11:43:17.173+0800: 1.066: [PhantomReference, 0 refs, 0 refs, 0.0000059 secs]2022-06-08T11:43:17.173+0800: 1.066: [JNI Weak Reference, 0.0000058 secs][PSYoungGen: 77971K->24633K(116736K)] 354783K->318738K(466432K), 0.0108373 secs] [Times: user=0.05 sys=0.00, real=0.01 secs] 
2022-06-08T11:43:17.173+0800: 1.066: Total time for which application threads were stopped: 0.0110347 seconds, Stopping threads took: 0.0000734 seconds
2022-06-08T11:43:17.183+0800: 1.076: [GC (Allocation Failure) 2022-06-08T11:43:17.192+0800: 1.086: [SoftReference, 0 refs, 0.0000417 secs]2022-06-08T11:43:17.192+0800: 1.086: [WeakReference, 0 refs, 0.0000063 secs]2022-06-08T11:43:17.192+0800: 1.086: [FinalReference, 0 refs, 0.0000058 secs]2022-06-08T11:43:17.192+0800: 1.086: [PhantomReference, 0 refs, 0 refs, 0.0000059 secs]2022-06-08T11:43:17.192+0800: 1.086: [JNI Weak Reference, 0.0000060 secs][PSYoungGen: 83416K->25748K(116736K)] 377521K->342345K(466432K), 0.0097277 secs] [Times: user=0.06 sys=0.00, real=0.01 secs] 
2022-06-08T11:43:17.193+0800: 1.086: [Full GC (Ergonomics) 2022-06-08T11:43:17.193+0800: 1.087: [SoftReference, 0 refs, 0.0000170 secs]2022-06-08T11:43:17.193+0800: 1.087: [WeakReference, 4 refs, 0.0000073 secs]2022-06-08T11:43:17.193+0800: 1.087: [FinalReference, 212 refs, 0.0000118 secs]2022-06-08T11:43:17.193+0800: 1.087: [PhantomReference, 0 refs, 0 refs, 0.0000066 secs]2022-06-08T11:43:17.193+0800: 1.087: [JNI Weak Reference, 0.0000059 secs][PSYoungGen: 25748K->0K(116736K)] [ParOldGen: 316597K->284535K(349696K)] 342345K->284535K(466432K), [Metaspace: 3571K->3571K(1056768K)], 0.0675955 secs] [Times: user=0.11 sys=0.00, real=0.07 secs] 
2022-06-08T11:43:17.260+0800: 1.154: Total time for which application threads were stopped: 0.0775451 seconds, Stopping threads took: 0.0000628 seconds
2022-06-08T11:43:17.280+0800: 1.174: [GC (Allocation Failure) 2022-06-08T11:43:17.287+0800: 1.180: [SoftReference, 0 refs, 0.0000367 secs]2022-06-08T11:43:17.287+0800: 1.180: [WeakReference, 3 refs, 0.0000077 secs]2022-06-08T11:43:17.287+0800: 1.180: [FinalReference, 2 refs, 0.0000096 secs]2022-06-08T11:43:17.287+0800: 1.180: [PhantomReference, 0 refs, 0 refs, 0.0000061 secs]2022-06-08T11:43:17.287+0800: 1.180: [JNI Weak Reference, 0.0000059 secs][PSYoungGen: 58880K->20916K(116736K)] 343415K->305459K(466432K), 0.0064689 secs] [Times: user=0.00 sys=0.00, real=0.01 secs] 
2022-06-08T11:43:17.287+0800: 1.180: Total time for which application threads were stopped: 0.0066166 seconds, Stopping threads took: 0.0000297 seconds
2022-06-08T11:43:17.298+0800: 1.191: [GC (Allocation Failure) 2022-06-08T11:43:17.309+0800: 1.202: [SoftReference, 0 refs, 0.0000515 secs]2022-06-08T11:43:17.309+0800: 1.202: [WeakReference, 0 refs, 0.0000073 secs]2022-06-08T11:43:17.309+0800: 1.202: [FinalReference, 0 refs, 0.0000066 secs]2022-06-08T11:43:17.309+0800: 1.202: [PhantomReference, 0 refs, 0 refs, 0.0000073 secs]2022-06-08T11:43:17.309+0800: 1.202: [JNI Weak Reference, 0.0000066 secs][PSYoungGen: 79796K->21460K(116736K)] 364339K->325394K(466432K), 0.0111163 secs] [Times: user=0.02 sys=0.00, real=0.01 secs] 
2022-06-08T11:43:17.309+0800: 1.203: Total time for which application threads were stopped: 0.0112539 seconds, Stopping threads took: 0.0000424 seconds
2022-06-08T11:43:17.322+0800: 1.216: [GC (Allocation Failure) 2022-06-08T11:43:17.332+0800: 1.226: [SoftReference, 0 refs, 0.0000260 secs]2022-06-08T11:43:17.333+0800: 1.226: [WeakReference, 0 refs, 0.0000096 secs]2022-06-08T11:43:17.333+0800: 1.226: [FinalReference, 0 refs, 0.0000060 secs]2022-06-08T11:43:17.333+0800: 1.226: [PhantomReference, 0 refs, 0 refs, 0.0000059 secs]2022-06-08T11:43:17.333+0800: 1.226: [JNI Weak Reference, 0.0000057 secs][PSYoungGen: 80340K->18957K(116736K)] 384274K->343037K(466432K), 0.0104946 secs] [Times: user=0.05 sys=0.00, real=0.01 secs] 
2022-06-08T11:43:17.333+0800: 1.226: [Full GC (Ergonomics) 2022-06-08T11:43:17.334+0800: 1.227: [SoftReference, 0 refs, 0.0000260 secs]2022-06-08T11:43:17.334+0800: 1.227: [WeakReference, 6 refs, 0.0000073 secs]2022-06-08T11:43:17.334+0800: 1.227: [FinalReference, 198 refs, 0.0000097 secs]2022-06-08T11:43:17.334+0800: 1.227: [PhantomReference, 0 refs, 0 refs, 0.0000060 secs]2022-06-08T11:43:17.334+0800: 1.227: [JNI Weak Reference, 0.0000059 secs][PSYoungGen: 18957K->0K(116736K)] [ParOldGen: 324079K->296240K(349696K)] 343037K->296240K(466432K), [Metaspace: 4054K->4054K(1056768K)], 0.0606748 secs] [Times: user=0.16 sys=0.00, real=0.06 secs] 
2022-06-08T11:43:17.394+0800: 1.287: Total time for which application threads were stopped: 0.0713560 seconds, Stopping threads took: 0.0000345 seconds
2022-06-08T11:43:17.404+0800: 1.297: [GC (Allocation Failure) 2022-06-08T11:43:17.408+0800: 1.302: [SoftReference, 0 refs, 0.0000522 secs]2022-06-08T11:43:17.408+0800: 1.302: [WeakReference, 0 refs, 0.0000067 secs]2022-06-08T11:43:17.408+0800: 1.302: [FinalReference, 0 refs, 0.0000064 secs]2022-06-08T11:43:17.408+0800: 1.302: [PhantomReference, 0 refs, 0 refs, 0.0000064 secs]2022-06-08T11:43:17.408+0800: 1.302: [JNI Weak Reference, 0.0000067 secs][PSYoungGen: 58710K->21030K(116736K)] 354950K->317270K(466432K), 0.0050085 secs] [Times: user=0.00 sys=0.00, real=0.00 secs] 
2022-06-08T11:43:17.409+0800: 1.302: Total time for which application threads were stopped: 0.0051350 seconds, Stopping threads took: 0.0000299 seconds
2022-06-08T11:43:17.417+0800: 1.311: [GC (Allocation Failure) 2022-06-08T11:43:17.425+0800: 1.319: [SoftReference, 0 refs, 0.0000277 secs]2022-06-08T11:43:17.425+0800: 1.319: [WeakReference, 0 refs, 0.0000059 secs]2022-06-08T11:43:17.425+0800: 1.319: [FinalReference, 0 refs, 0.0000058 secs]2022-06-08T11:43:17.425+0800: 1.319: [PhantomReference, 0 refs, 0 refs, 0.0000058 secs]2022-06-08T11:43:17.425+0800: 1.319: [JNI Weak Reference, 0.0000057 secs][PSYoungGen: 79910K->19966K(116736K)] 376150K->336549K(466432K), 0.0077229 secs] [Times: user=0.05 sys=0.00, real=0.01 secs] 
2022-06-08T11:43:17.425+0800: 1.319: [Full GC (Ergonomics) 2022-06-08T11:43:17.427+0800: 1.321: [SoftReference, 0 refs, 0.0000329 secs]2022-06-08T11:43:17.427+0800: 1.321: [WeakReference, 7 refs, 0.0000082 secs]2022-06-08T11:43:17.427+0800: 1.321: [FinalReference, 198 refs, 0.0000120 secs]2022-06-08T11:43:17.427+0800: 1.321: [PhantomReference, 0 refs, 0 refs, 0.0000062 secs]2022-06-08T11:43:17.427+0800: 1.321: [JNI Weak Reference, 0.0000063 secs][PSYoungGen: 19966K->0K(116736K)] [ParOldGen: 316582K->306488K(349696K)] 336549K->306488K(466432K), [Metaspace: 4054K->4054K(1056768K)], 0.0673267 secs] [Times: user=0.16 sys=0.00, real=0.07 secs] 
2022-06-08T11:43:17.493+0800: 1.386: Total time for which application threads were stopped: 0.0752820 seconds, Stopping threads took: 0.0000459 seconds
2022-06-08T11:43:17.502+0800: 1.395: [GC (Allocation Failure) 2022-06-08T11:43:17.508+0800: 1.401: [SoftReference, 0 refs, 0.0000255 secs]2022-06-08T11:43:17.508+0800: 1.401: [WeakReference, 0 refs, 0.0000072 secs]2022-06-08T11:43:17.508+0800: 1.401: [FinalReference, 0 refs, 0.0000062 secs]2022-06-08T11:43:17.508+0800: 1.401: [PhantomReference, 0 refs, 0 refs, 0.0000066 secs]2022-06-08T11:43:17.508+0800: 1.401: [JNI Weak Reference, 0.0000062 secs][PSYoungGen: 58880K->18168K(116736K)] 365368K->324656K(466432K), 0.0060021 secs] [Times: user=0.00 sys=0.00, real=0.01 secs] 
2022-06-08T11:43:17.508+0800: 1.401: Total time for which application threads were stopped: 0.0061206 seconds, Stopping threads took: 0.0000312 seconds
2022-06-08T11:43:17.518+0800: 1.411: [GC (Allocation Failure) 2022-06-08T11:43:17.525+0800: 1.419: [SoftReference, 0 refs, 0.0000403 secs]2022-06-08T11:43:17.525+0800: 1.419: [WeakReference, 0 refs, 0.0000062 secs]2022-06-08T11:43:17.525+0800: 1.419: [FinalReference, 0 refs, 0.0000059 secs]2022-06-08T11:43:17.525+0800: 1.419: [PhantomReference, 0 refs, 0 refs, 0.0000059 secs]2022-06-08T11:43:17.525+0800: 1.419: [JNI Weak Reference, 0.0000068 secs][PSYoungGen: 76866K->17577K(116736K)] 383354K->341715K(466432K), 0.0079918 secs] [Times: user=0.00 sys=0.00, real=0.01 secs] 
2022-06-08T11:43:17.526+0800: 1.420: [Full GC (Ergonomics) 2022-06-08T11:43:17.526+0800: 1.420: [SoftReference, 0 refs, 0.0000211 secs]2022-06-08T11:43:17.526+0800: 1.420: [WeakReference, 7 refs, 0.0000078 secs]2022-06-08T11:43:17.526+0800: 1.420: [FinalReference, 200 refs, 0.0000162 secs]2022-06-08T11:43:17.526+0800: 1.420: [PhantomReference, 0 refs, 0 refs, 0.0000067 secs]2022-06-08T11:43:17.526+0800: 1.420: [JNI Weak Reference, 0.0000060 secs][PSYoungGen: 17577K->0K(116736K)] [ParOldGen: 324138K->310753K(349696K)] 341715K->310753K(466432K), [Metaspace: 4054K->4054K(1056768K)], 0.0666698 secs] [Times: user=0.14 sys=0.00, real=0.07 secs] 
2022-06-08T11:43:17.593+0800: 1.486: Total time for which application threads were stopped: 0.0748617 seconds, Stopping threads took: 0.0000359 seconds
Heap
 PSYoungGen      total 116736K, used 2627K [0x00000000f5580000, 0x0000000100000000, 0x0000000100000000)
  eden space 58880K, 4% used [0x00000000f5580000,0x00000000f5810f28,0x00000000f8f00000)
  from space 57856K, 0% used [0x00000000fc780000,0x00000000fc780000,0x0000000100000000)
  to   space 57856K, 0% used [0x00000000f8f00000,0x00000000f8f00000,0x00000000fc780000)
 ParOldGen       total 349696K, used 310753K [0x00000000e0000000, 0x00000000f5580000, 0x00000000f5580000)
  object space 349696K, 88% used [0x00000000e0000000,0x00000000f2f78438,0x00000000f5580000)
 Metaspace       used 4060K, capacity 4572K, committed 4864K, reserved 1056768K
  class space    used 445K, capacity 460K, committed 512K, reserved 1048576K
